[www.elines.vn/index.html]
[backblue.gif]
[fade.gif]
[index.html]
[www.elines.vn/favicon.ico]
[www.elines.vn/Images/ThemeForest/elines/logo.png]
[www.elines.vn/minify/min/indexeb57.css]
[www.elines.vn/Noi-dung/Huong-dan-dat-ve.html]
[www.elines.vn/Noi-dung/Phuong-thuc-thanh-toan.html]
[www.elines.vn/Tien-ich/In-ve-dien-tu.html]
[www.elines.vn/Tien-ich/Phan-hoi-don-hang.html]
[www.elines.vn/Noi-dung/Dai_Ly.html]
[www.elines.vn/tin-tuc/ve-may-bay-quoc-te-5.html]
[www.elines.vn/tin-tuc/ve-may-bay-noi-dia-6.html]
[www.elines.vn/tin-tuc/khuyen-mai-2.html]
[www.elines.vn/Tin-tuc/TuyenDung.html]
[www.elines.vn/Lien-He.html]
[www.elines.vn/Noi-dung/Khach-hang-noi-ve-chung-toi.html]
[www.elines.vn/VeGiaRe/VeGiaReTheoThang.html]
[www.elines.vn/tin-tuc/Tin-nhanh/CHÀO-HÈ-2018-75.html]
[www.elines.vn/Upload/images/vna-sap-mo-ban-ve-khuyen-mai-chao-he-2018.jpg]
[www.elines.vn/images/themeforest/elines/VNAIRLINES-elines-017.jpg]
[www.elines.vn/Images/ThemeForest/elines/advertise.jpg]
[www.elines.vn/QuocTe/LuaChonVef439.html]
[www.elines.vn/QuocTe/LuaChonVe8672.html]
[www.elines.vn/QuocTe/LuaChonVe2e95.html]
[www.elines.vn/QuocTe/LuaChonVe85c7.html]
[www.elines.vn/QuocTe/LuaChonVe5e61.html]
[www.elines.vn/QuocTe/LuaChonVec5c9.html]
[www.elines.vn/tin-tuc/Tin-nhanh/5-thien-duong-du-lich--cho-gioi-tre-Viet-trong-nam-2017-71.html]
[www.elines.vn/tin-tuc/Tin-nhanh/4-meo-rat-thuc-te-neu-muon-di-du-lich-tiet-kiem-70.html]
[www.elines.vn/tin-tuc/Tin-nhanh/NHUNG-QUY-DINH-DI-MAY-BAY-DOI-VOI-PHU-NU-MANG-THAI-69.html]
[www.elines.vn/tin-tuc/Tin-nhanh/KINH-NGHIEM-DU-LICH-DA-LAT-MOT-MINH-CHI-VOI-2-TRIEU-DONG-68.html]
[www.elines.vn/tin-tuc/Tin-nhanh/DU-LICH-BIEN-DA-NANG-VAO-MUA-THU---TAI-SAO-KHONG-67.html]
[www.elines.vn/tin-tuc/Ve-may-bay-theo-hang/Ve-may-bay-Qatar-Airways-28.html]
[www.elines.vn/tin-tuc/Ve-may-bay-theo-hang/Ve-may-bay-Emirates-Airlines--27.html]
[www.elines.vn/tin-tuc/Ve-may-bay-theo-hang/Ve-may-bay-Dragon-Air-26.html]
[www.elines.vn/tin-tuc/Ve-may-bay-theo-hang/Ve-may-bay-American-Airlines-25.html]
[www.elines.vn/tin-tuc/Ve-may-bay-theo-hang/Ve-may--bay-Jetstar-24.html]
[www.elines.vn/tin-tuc/Ve-may-bay-theo-hang/Ve-may-bay-Delta-Air-Lines-23.html]
[www.elines.vn/tin-tuc/Ve-may-bay-Quoc-te-6.html]
[www.elines.vn/tin-tuc/Ve-may-bay-Quoc-te/Ve-may-bay-di-Canada-1.html]
[www.elines.vn/tin-tuc/Ve-may-bay-Quoc-te/Ve-may-bay-di-Duc-2.html]
[www.elines.vn/tin-tuc/Ve-may-bay-Quoc-te/Ve-may-bay-Trung-Quoc-3.html]
[www.elines.vn/tin-tuc/Ve-may-bay-Quoc-te/Ve-may-bay-di-HongKong-4.html]
[www.elines.vn/tin-tuc/Ve-may-bay-Quoc-te/Ve-may-bay-di-Nhat-Ban-5.html]
[www.elines.vn/tin-tuc/Ve-may-bay-Quoc-te/Ve-may-bay-di-Han-Quoc-6.html]
[www.elines.vn/tin-tuc/Ve-may-bay-Quoc-te/Ve-may-bay-di-Thai-Lan-7.html]
[www.elines.vn/tin-tuc/Ve-may-bay-Quoc-te/Ve-may-bay-di-Phap-8.html]
[www.elines.vn/tin-tuc/Ve-may-bay-Quoc-te/Ve-may-bay-di-Uc-9.html]
[www.elines.vn/tin-tuc/Ve-may-bay-Quoc-te/Ve-may-bay-di-Anh-10.html]
[www.elines.vn/tin-tuc/Ve-may-bay-Noi-dia-7.html]
[www.elines.vn/tin-tuc/Ve-may-bay-Noi-dia/Ve-may-bay-di-Ban-Me-Thuot-11.html]
[www.elines.vn/tin-tuc/Ve-may-bay-Noi-dia/Ve-may-bay-di-Dong-Hoi-12.html]
[www.elines.vn/tin-tuc/Ve-may-bay-Noi-dia/Ve-may-bay-di-Phu-Quoc-13.html]
[www.elines.vn/tin-tuc/Ve-may-bay-Noi-dia/Ve-may-bay-di-Nha-Trang-14.html]
[www.elines.vn/tin-tuc/Ve-may-bay-Noi-dia/Ve-may-bay-di-Ha-Noi-15.html]
[www.elines.vn/tin-tuc/Ve-may-bay-Noi-dia/Ve-may-bay-di-Vinh-16.html]
[www.elines.vn/tin-tuc/Ve-may-bay-Noi-dia/Ve-may-bay-di-Hai-Phong-17.html]
[www.elines.vn/tin-tuc/Ve-may-bay-Noi-dia/Ve-may-bay-di-Ho-Chi-Minh-18.html]
[www.elines.vn/tin-tuc/Ve-may-bay-Noi-dia/Ve-may-bay-di-Da-Lat-19.html]
[www.elines.vn/tin-tuc/Ve-may-bay-theo-hang-8.html]
[www.elines.vn/tin-tuc/Ve-may-bay-theo-hang/ve-may-bay-Vietnam-Airlines-20.html]
[www.elines.vn/tin-tuc/Ve-may-bay-theo-hang/Ve-may-bay-VietjetAir-21.html]
[www.elines.vn/tin-tuc/Ve-may-bay-theo-hang/Ve-may-bay--Air-France-22.html]
[www.elines.vn/tin-tuc/Ve-may-bay-theo-loai--9.html]
[www.elines.vn/tin-tuc/Ve-may-bay-theo-loai-/Ve-may-bay-tet-2015-29.html]
[www.elines.vn/tin-tuc/Ve-may-bay-theo-loai-/Ve-may-bay-khuyen-mai-30.html]
[www.elines.vn/tin-tuc/Ve-may-bay-theo-loai-/Ve-may-bay-gia-re-31.html]
[www.elines.vn/Noi-dung/Quy-che.html]
[www.elines.vn/Noi-dung/Chinh-sach-bao-mat.html]
[elines.vn/Scripts/SearchForm.js]
[www.elines.vn/Scripts/HomePageSearch.js]
[www.elines.vn/Scripts/themeForest/jquery.stellar.min.js]
[www.elines.vn/minify/min/index58ee.js]
[www.elines.vn/Scripts/themeForest/waypoints.min.js]
[connect.facebook.net/en_US/fbds.js]
[connect.facebook.net/en_US/fbevents.js]
[www.elines.vn/Scripts/analytics.js]
[www.googleadservices.com/pagead/f.txt]
[www.elines.vn/index.html]
[www.elines.vn/Styles/fonts/glyphicons-halflings-regular.eot]
[www.elines.vn/Styles/fonts/glyphicons-halflings-regulard41d.eot]
[www.elines.vn/Styles/fonts/glyphicons-halflings-regular.woff]
[www.elines.vn/Styles/fonts/glyphicons-halflings-regular.ttf]
[www.elines.vn/Styles/fonts/glyphicons-halflings-regular.svg]
[www.elines.vn/Styles/fonts/fontawesome-webfontba72.eot]
[www.elines.vn/Styles/fonts/fontawesome-webfontd41d.eot]
[www.elines.vn/Styles/fonts/fontawesome-webfontba72.woff]
[www.elines.vn/Styles/fonts/fontawesome-webfontba72.ttf]
[www.elines.vn/Styles/fonts/fontawesome-webfontba72.svg]
[www.elines.vn/Styles/fonts/soap-iconsc526.eot]
[www.elines.vn/Styles/fonts/soap-iconsc526.woff]
[www.elines.vn/Styles/fonts/soap-iconsc526.ttf]
[www.elines.vn/Styles/fonts/soap-iconsc526.svg]
[www.elines.vn/Styles/fonts/NexaBlackd41d.eot]
[www.elines.vn/Styles/fonts/NexaBlack.otf]
[www.elines.vn/Styles/fonts/NexaBlack.woff]
[www.elines.vn/Styles/fonts/NexaBlack.ttf]
[www.elines.vn/Images/ThemeForest/icon/icon-check.png]
[www.elines.vn/Images/ThemeForest/icon/hover-effect.png]
[www.elines.vn/Styles/fonts/NexaBlack.svg]
[www.elines.vn/Images/ThemeForest/icon/mobile-menu.png]
[www.elines.vn/Images/ThemeForest/logo_txt.png]
[www.elines.vn/Images/ThemeForest/logo/skin1-logo.png]
[www.elines.vn/Images/ThemeForest/icon/flags/en-us.png]
[www.elines.vn/Images/ThemeForest/themes/footer/style01/sand.png]
[www.elines.vn/Images/ThemeForest/logo/skin2-logo.png]
[www.elines.vn/Images/ThemeForest/themes/footer/style02/sky.png]
[www.elines.vn/Images/ThemeForest/logo/skin3-logo.png]
[www.elines.vn/Images/ThemeForest/themes/footer/style03/sea.png]
[www.elines.vn/Images/ThemeForest/themes/footer/style04/sky.png]
[www.elines.vn/Images/ThemeForest/themes/footer/style05/sky.png]
[www.elines.vn/Images/ThemeForest/themes/footer/style06/sky.png]
[www.elines.vn/Images/ThemeForest/icon/discount.png]
[www.elines.vn/Images/themeForest/elines/bg-edit2.jpg]
[www.elines.vn/Images/themeForest/elines/icon.png]
[www.elines.vn/Images/ThemeForest/elines/icon-2.png]
[www.elines.vn/images/loading.gif]
[www.elines.vn/Images/ThemeForest/elines/horizontal_loader.gif]
[www.elines.vn/Images/Icon/AirlineLogo/smBL.gif]
[www.elines.vn/Images/Icon/AirlineLogo/smVJ.gif]
[www.elines.vn/Images/ThemeForest/elines/ajax-loader.gif]
[www.elines.vn/Images/ThemeForest/elines/label_new_red.png]
[www.elines.vn/Scripts/themeForestComponents/flexslider/fonts/flexslider-icon.eot]
[www.elines.vn/Scripts/themeForestComponents/flexslider/fonts/flexslider-icond41d.eot]
[www.elines.vn/Scripts/themeForestComponents/flexslider/fonts/flexslider-icon.woff]
[www.elines.vn/Scripts/themeForestComponents/flexslider/fonts/flexslider-icon.ttf]
[www.elines.vn/minify/min/indexeb57.css]
[www.elines.vn/Scripts/themeForestComponents/flexslider/fonts/flexslider-icon.svg]
[www.elines.vn/Images/guide/home_search01.png]
[www.elines.vn/Images/guide/home_search02.png]
[www.elines.vn/Images/guide/search.png]
[www.elines.vn/Images/guide/dk.png]
[www.elines.vn/Images/guide/filter.png]
[www.elines.vn/Images/guide/search03.png]
[www.elines.vn/Images/guide/international.png]
[www.elines.vn/Images/guide/internationalFilter.png]
[www.elines.vn/Images/guide/ticket_info.png]
[www.elines.vn/Noi-dung/Cau-hoi-thuong-gap.html]
[www.elines.vn/Noi-dung/Phuong-Thuc-Thanh-Toan-2.html]
[www.elines.vn/Tien-ich/Xem-lai-booking.html]
[www.elines.vn/Styles/images/hotline-sidebar.png]
[www.elines.vn/Styles/images/elines.png]
[www.elines.vn/Noi-dung/Huong-dan-dat-ve.html]
[www.elines.vn/Scripts/PageSearch.js]
[www.elines.vn/Images/BankLogo/VCB.gif]
[www.elines.vn/Images/BankLogo/VCBUSD.gif]
[www.elines.vn/Images/BankLogo/AGR.gif]
[www.elines.vn/Images/BankLogo/TCB.gif]
[www.elines.vn/Images/BankLogo/ACB.gif]
[www.elines.vn/Images/BankLogo/EAB.gif]
[www.elines.vn/Images/BankLogo/MTB.gif]
[www.elines.vn/Images/BankLogo/VTB.gif]
[www.elines.vn/Images/BankLogo/BIDV.gif]
[www.elines.vn/Images/BankLogo/HDB.gif]
[www.elines.vn/Images/BankLogo/SCB.gif]
[www.elines.vn/Images/BankLogo/MBB.gif]
[www.elines.vn/Images/BankLogo/VPB.gif]
[www.elines.vn/Images/BankLogo/VIB.gif]
[www.elines.vn/Noi-dung/Phuong-thuc-thanh-toan.html]
[www.elines.vn/Tien-ich/In-ve-dien-tu.html]
[www.elines.vn/Tien-ich/Phan-hoi-don-hang.html]
[www.elines.vn/Scripts/frontend.js]
[www.elines.vn/cdn-cgi/l/email-protection.html]
[www.elines.vn/Noi-dung/Dai_Ly.html]
[www.elines.vn/cdn-cgi/scripts/d07b1474/cloudflare-static/email-decode.min.js]
[www.elines.vn/tin-tuc/ve-may-bay-quoc-te-5.html]
[www.elines.vn/tin-tuc/Ve-may-bay-Quoc-te-7.html]
[www.elines.vn/tin-tuc/ve-may-bay-noi-dia-6.html]
[www.elines.vn/tin-tuc/Ve-may-bay-Noi-dia-8.html]
[www.elines.vn/tin-tuc/Tin-nhanh-2.html]
[www.elines.vn/tin-tuc/Tin-nhanh/Diem-den-cuc-hot-cua-mua-he-nay---Hon-Noi---bai-tam-doi-duy-nhat-o-Viet-Nam-64.html]
[www.elines.vn/tin-tuc/Tin-nhanh/KINH-NGHIEM-DU-LICH-DA-NANG-GIA-RE-63.html]
[www.elines.vn/ErrorPages/Oopsbc44.html]
[www.elines.vn/tin-tuc/Tin-nhanh/Chinh-sach-doi-voi-hanh-khach-den-muon-cua-VietJet-Air-60.html]
[www.elines.vn/tin-tuc/Tin-nhanh-22679.html]
[www.elines.vn/tin-tuc/Tin-nhanh-24658.html]
[www.elines.vn/tin-tuc/Tin-nhanh-29ba9.html]
[www.elines.vn/tin-tuc/khuyen-mai-2.html]
[www.elines.vn/tin-tuc/Tin-nhanh-2fdb0.html]
[www.elines.vn/images/upload/Tuyen Dung.jpg]
[www.elines.vn/tin-tuc/Tuyen-Dung/Tuyen-nhan-vien-ticketing-tai-thanh-pho-Ho-Chi-Minh--76.html]
[www.elines.vn/tin-tuc/Tuyen-Dung/CO-HOI-DE-TRO-THANH-THANH-VIEN-CHINH-THUC-CUA-DAI-GIA-DINH-HOANG-KY-VIET-NAM-TOI-ROI-CAC-BAN-OI!-73.html]
[www.elines.vn/tin-tuc/Tuyen-Dung/TIN-TUYEN-DUNG-72.html]
[www.elines.vn/tin-tuc/Tuyen-Dung/Tuyen-nhan-vien-phong-ve-may-bay---Ticketing-tai-Ha-Noi-66.html]
[www.elines.vn/tin-tuc/Tuyen-Dung/Tuyen-nhan-vien-ticketing-tai-thanh-pho-Ho-Chi-Minh--62.html]
[www.elines.vn/tin-tuc/Tuyen-Dung/Tuyen-dung-nhan-vien-Sale-tai-Tp-Ho-Chi-Minh---Ha-Noi-42.html]
[www.elines.vn/tin-tuc/Tuyen-Dung/Tuyen-nhan-vien-ticketing-tai-thanh-pho-Ho-Chi-Minh--40.html]
[www.elines.vn/Tin-tuc/TuyenDung.html]
[www.elines.vn/Lien-He.html]
[www.elines.vn/tin-tuc/Tuyen-Dung/Nhan-vien-phong-ve-may-bay---Ticketing-tai-Ha-Noi-32.html]
[www.elines.vn/Styles/khachang.css]
[www.elines.vn/Noi-dung/Khach-hang-noi-ve-chung-toi2679.html]
[www.elines.vn/Noi-dung/Khach-hang-noi-ve-chung-toi4658.html]
[www.elines.vn/Noi-dung/Khach-hang-noi-ve-chung-toi9ba9.html]
[www.elines.vn/Noi-dung/Khach-hang-noi-ve-chung-toi.html]
[www.elines.vn/Noi-dung/Khach-hang-noi-ve-chung-toifdb0.html]
[www.elines.vn/Layout/GenerateCaptcha3670.jpg]
[www.elines.vn/WebResource7f52.js]
[www.elines.vn/Scripts/ElinesCommon.js]
[www.elines.vn/VeGiaRe/VeGiaReTheoThang.html]
[www.elines.vn/Scripts/VeGiaReTheoThang.js]
[www.elines.vn/ErrorPages/Oops648d.html]
[www.elines.vn/tin-tuc/Tin-nhanh/CHÀO-HÈ-2018-75.html]
[www.elines.vn/ErrorPages/Oops0e08.html]
[www.elines.vn/QuocTe/FlightResult.js]
[www.elines.vn/QuocTe/LuaChonVef439.html]
[www.elines.vn/QuocTe/LuaChonVe8672.html]
[www.elines.vn/QuocTe/LuaChonVe2e95.html]
[www.elines.vn/QuocTe/LuaChonVe85c7.html]
[www.elines.vn/QuocTe/LuaChonVe5e61.html]
[www.elines.vn/QuocTe/LuaChonVec5c9.html]
[www.elines.vn/Scripts/jquery.input-hint.js]
[www.elines.vn/Upload/images/thien_duong_du_lich_2017_1.png]
[www.elines.vn/Upload/images/thien_duong_du_lich_2017_2.jpg]
[www.elines.vn/Upload/images/thien_duong_du_lich_2017_3.jpg]
[www.elines.vn/Upload/images/thien_duong_du_lich_2017_4.png]
[www.elines.vn/Upload/images/thien_duong_du_lich_2017_5.jpg]
[www.elines.vn/Upload/images/thien_duong_du_lich_2017_6.jpg]
[www.elines.vn/Upload/images/thien_duong_du_lich_2017_7.jpg]
[www.elines.vn/Upload/images/thien_duong_du_lich_2017_8.jpg]
[www.elines.vn/Upload/images/thien_duong_du_lich_2017_9.jpg]
[www.elines.vn/Upload/images/thien_duong_du_lich_2017_10.jpg]
[www.elines.vn/tin-tuc/Tin-nhanh/5-thien-duong-du-lich--cho-gioi-tre-Viet-trong-nam-2017-71.html]
[www.elines.vn/Upload/images/4meo-du-lich-tiet-kiem-4.jpg]
[www.elines.vn/Upload/images/4meo-du-lich-tiet-kiem-3.jpg]
[www.elines.vn/Upload/images/4meo-du-lich-tiet-kiem-1.jpg]
[www.elines.vn/Upload/images/4meo-du-lich-tiet-kiem-5.jpg]
[www.elines.vn/Upload/images/4meo-du-lich-tiet-kiem-6.jpg]
[www.elines.vn/Upload/images/4meo-du-lich-tiet-kiem-2.jpg]
[www.elines.vn/tin-tuc/Tin-nhanh/4-meo-rat-thuc-te-neu-muon-di-du-lich-tiet-kiem-70.html]
[www.elines.vn/tin-tuc/Tin-nhanh/NHUNG-QUY-DINH-DI-MAY-BAY-DOI-VOI-PHU-NU-MANG-THAI-69.html]
[www.elines.vn/Upload/images/du-lich-da-lat-1.jpg]
[www.elines.vn/Upload/images/du-lich-da-lat-5.jpg]
[www.elines.vn/Upload/images/du-lich-da-lat-3.jpg]
[www.elines.vn/Upload/images/du-lich-da-lat-2.jpg]
[www.elines.vn/Upload/images/du-lich-da-lat-6.jpg]
[www.elines.vn/Upload/images/du-lich-da-lat-4.jpg]
[www.elines.vn/tin-tuc/Tin-nhanh/KINH-NGHIEM-DU-LICH-DA-LAT-MOT-MINH-CHI-VOI-2-TRIEU-DONG-68.html]
[www.elines.vn/Upload/images/du-lich-da-nang.jpg]
[www.elines.vn/Upload/images/san-bay-da-nang.jpg]
[www.elines.vn/Upload/images/naman-retreat-resort-da-nang.jpg]
[www.elines.vn/Upload/images/du-lich-da-nang-hoi-an.jpg]
[www.elines.vn/Upload/images/du-lich-da-nang-bun-cha-ca.jpg]
[www.elines.vn/tin-tuc/Tin-nhanh/DU-LICH-BIEN-DA-NANG-VAO-MUA-THU---TAI-SAO-KHONG-67.html]
[www.elines.vn/tin-tuc/Ve-may-bay-theo-hang-7.html]
[www.elines.vn/images/upload/Ve-may-bay-Qatar-Airways.jpg]
[www.elines.vn/www.elines.vn]
[www.elines.vn/tin-tuc/Ve-may-bay-theo-hang/Ve-may-bay-Qatar-Airways-28.html]
[www.elines.vn/images/upload/elines.png]
[www.elines.vn/images/upload/emirates_airlines.jpg]
[www.elines.vn/tin-tuc/Ve-may-bay-theo-hang/Ve-may-bay-Emirates-Airlines--27.html]
[www.elines.vn/images/upload/elines(1).png]
[www.elines.vn/images/upload/250_profile_img1_dragonair.gif]
[www.elines.vn/tin-tuc/Ve-may-bay-theo-hang/Ve-may-bay-Dragon-Air-26.html]
[www.elines.vn/images/upload/elines(2).png]
[www.elines.vn/images/upload/Amercian-Airlines-logo-1d2730.png]
[www.elines.vn/tin-tuc/Ve-may-bay-theo-hang/Ve-may-bay-American-Airlines-25.html]
[www.elines.vn/ErrorPages/Oops8837.html]
[www.elines.vn/tin-tuc/Ve-may-bay-theo-hang/Ve-may--bay-Jetstar-24.html]
[www.elines.vn/images/upload/jetstar-gia-ve-jetstar-gia-re.jpg]
[www.elines.vn/images/upload/Delta-Air-Lines-Bo-sung-duong-bay-tu-Ha-noi-Sai-Gon-den-My-transit-qua-Nhat-Ban-7587.jpg]
[www.elines.vn/tin-tuc/Ve-may-bay-theo-hang/Ve-may-bay-Delta-Air-Lines-23.html]
[www.elines.vn/tin-tuc/Ve-may-bay-Quoc-te-6.html]
[www.elines.vn/images/upload/Ve-may-bay-di-Canada.jpg]
[www.elines.vn/tin-tuc/Ve-may-bay-Quoc-te/Ve-may-bay-di-Canada-1.html]
[www.elines.vn/ve-may-bay-di-canada.html]
[www.elines.vn/images/upload/du-lich-duc.jpg]
[www.elines.vn/images/upload/g13.jpg]
[www.elines.vn/images/upload/Munich08 (4)s(1).jpg]
[www.elines.vn/images/upload/Ve-may-bay-di-Duc.jpg]
[www.elines.vn/tin-tuc/Ve-may-bay-Quoc-te/Ve-may-bay-di-Duc-2.html]
[www.lamvisagiare.com/Content/imagesNews/f9487f643a0b49bb87a015943179d19e.TQ1.jpg]
[www.elines.vn/ErrorPages/Oopsd487.html]
[dichvuhangkhong.com.vn/wp-content/uploads/2013/12/ve-may-bay-di-trung-quoc-3.jpg]
[www.elines.vn/tin-tuc/Ve-may-bay-Quoc-te/Ve-may-bay-Trung-Quoc-3.html]
[www.elines.vn/images/upload/disney_hong_kong.jpg]
[www.elines.vn/images/upload/du-lich-hongkong-dai-nhi-son.png]
[www.elines.vn/images/upload/image011.png]
[www.elines.vn/images/upload/Ve-may-bay-di-Hong-Kong.jpg]
[www.elines.vn/tin-tuc/Ve-may-bay-Quoc-te/Ve-may-bay-di-HongKong-4.html]
[www.elines.vn/images/upload/tree-in-bloom-wallpapers_5174_1280x800.jpg]
[www.elines.vn/images/upload/hokkaido-view.jpg]
[www.elines.vn/images/upload/mua sam Nhat ban(1).jpg]
[www.elines.vn/tin-tuc/Ve-may-bay-Quoc-te/Ve-may-bay-di-Nhat-Ban-5.html]
[www.elines.vn/ErrorPages/Oops8030.html]
[www.elines.vn/images/upload/Ve-may-bay-di-Han-Quoc.jpg]
[www.elines.vn/tin-tuc/Ve-may-bay-Quoc-te/Ve-may-bay-di-Han-Quoc-6.html]
[www.elines.vn/ErrorPages/Oops256c.html]
[www.elines.vn/images/upload/Ve-may-bay-di-Thai-Lan.jpg]
[www.elines.vn/tin-tuc/Ve-may-bay-Quoc-te/Ve-may-bay-di-Thai-Lan-7.html]
[www.elines.vn/ErrorPages/Oops14b2.html]
[www.elines.vn/images/upload/Ve-may-bay-di-Phap.jpg]
[www.elines.vn/tin-tuc/Ve-may-bay-Quoc-te/Ve-may-bay-di-Phap-8.html]
[www.elines.vn/images/upload/Ve-may-bay-di-Uc.jpg]
[www.elines.vn/tin-tuc/Ve-may-bay-Quoc-te/Ve-may-bay-di-Uc-9.html]
[www.elines.vn/ErrorPages/Oops67af.html]
[www.elines.vn/images/upload/Ve-may-bay-di-Anh.jpg]
[www.elines.vn/tin-tuc/Ve-may-bay-Quoc-te/Ve-may-bay-di-Anh-10.html]
[www.elines.vn/tin-tuc/Ve-may-bay-Noi-dia-7.html]
[www.elines.vn/images/upload/image011.jpg]
[www.elines.vn/images/upload/cafe3.jpg]
[www.elines.vn/images/upload/dlbd1-2(1).jpg]
[www.elines.vn/images/upload/Ve-may-bay-di-Buon-Me-Thuot.jpg]
[www.elines.vn/tin-tuc/Ve-may-bay-Noi-dia/Ve-may-bay-di-Ban-Me-Thuot-11.html]
[www.elines.vn/images/upload/Đêm Đồng Hới.jpg]
[www.elines.vn/images/upload/post-407-1216706868.jpg]
[www.elines.vn/images/upload/image002-3.jpg]
[www.elines.vn/images/upload/Ve-may-bay-di-Dong-Hoi.jpg]
[www.elines.vn/tin-tuc/Ve-may-bay-Noi-dia/Ve-may-bay-di-Dong-Hoi-12.html]
[www.elines.vn/images/upload/Ve-may-bay-di-Phu-Quoc.jpg]
[www.elines.vn/tin-tuc/Ve-may-bay-Noi-dia/Ve-may-bay-di-Phu-Quoc-13.html]
[www.elines.vn/images/upload/Ve-may-bay-di-Nha-Trang.jpg]
[www.elines.vn/tin-tuc/Ve-may-bay-Noi-dia/Ve-may-bay-di-Nha-Trang-14.html]
[www.elines.vn/images/upload/Ve-may-bay-di-Ha-Noi.jpg]
[www.elines.vn/tin-tuc/Ve-may-bay-Noi-dia/Ve-may-bay-di-Ha-Noi-15.html]
[www.elines.vn/images/upload/Ve-may-bay-di-Vinh.jpg]
[www.elines.vn/tin-tuc/Ve-may-bay-Noi-dia/Ve-may-bay-di-Vinh-16.html]
[www.elines.vn/ErrorPages/Oopsf919.html]
[www.elines.vn/images/upload/hoaphuong1.jpg]
[www.elines.vn/images/upload/doson.jpg]
[www.elines.vn/images/upload/du-lịch-Đồ-Sơn-1.jpg]
[www.elines.vn/images/upload/Ve-may-bay-di-Hai-Phong.jpg]
[www.elines.vn/tin-tuc/Ve-may-bay-Noi-dia/Ve-may-bay-di-Hai-Phong-17.html]
[www.elines.vn/images/upload/Ve-may-bay-di-Ho-Chi-Minh.jpg]
[www.elines.vn/tin-tuc/Ve-may-bay-Noi-dia/Ve-may-bay-di-Ho-Chi-Minh-18.html]
[www.elines.vn/images/upload/dalat1.jpg]
[www.elines.vn/images/upload/dalat2.jpg]
[www.elines.vn/images/upload/da lat 3(1).jpg]
[www.elines.vn/images/upload/Ve-may-bay-di-Da-Lat.jpg]
[www.elines.vn/tin-tuc/Ve-may-bay-Noi-dia/Ve-may-bay-di-Da-Lat-19.html]
[www.elines.vn/tin-tuc/Ve-may-bay-theo-hang-8.html]
[www.elines.vn/tin-tuc/Ve-may-bay-theo-loai--8.html]
[www.elines.vn/ErrorPages/Oopsc0f3.html]
[www.elines.vn/images/upload/407px-Logo_Vietnam_Airlines_svg.png]
[www.elines.vn/tin-tuc/Ve-may-bay-theo-hang/ve-may-bay-Vietnam-Airlines-20.html]
[www.elines.vn/ErrorPages/Oopsa7fe.html]
[www.elines.vn/images/upload/VemaybayVietjetAir.jpg]
[www.elines.vn/tin-tuc/Ve-may-bay-theo-hang/Ve-may-bay-VietjetAir-21.html]
[www.elines.vn/images/upload/elines(3).png]
[www.elines.vn/images/upload/air-france-logo.jpg]
[www.elines.vn/tin-tuc/Ve-may-bay-theo-hang/Ve-may-bay--Air-France-22.html]
[www.elines.vn/tin-tuc/Ve-may-bay-theo-loai--9.html]
[www.elines.vn/tin-tuc/Tuyen-Dung-9.html]
[www.elines.vn/ErrorPages/Oopsce1c.html]
[www.elines.vn/images/upload/Ve-may-bay-Tet-2015.jpg]
[www.elines.vn/tin-tuc/Ve-may-bay-theo-loai-/Ve-may-bay-tet-2015-29.html]
[www.elines.vn/ErrorPages/Oopse371.html]
[www.elines.vn/images/upload/Ve-may-bay-khuyen-mai(2).jpg]
[www.elines.vn/ErrorPages/Oops6591.html]
[www.elines.vn/tin-tuc/Ve-may-bay-theo-loai-/Ve-may-bay-khuyen-mai-30.html]
[www.elines.vn/ErrorPages/Oops4eaa.html]
[www.elines.vn/ErrorPages/Oops31b6.html]
[www.elines.vn/images/upload/Ve-may-bay-gia-re(2).jpg]
[www.elines.vn/tin-tuc/Ve-may-bay-theo-loai-/Ve-may-bay-gia-re-31.html]
[www.elines.vn/Noi-dung/Quy-che.html]
[www.elines.vn/Noi-dung/Chinh-sach-bao-mat.html]
[www.elines.vn/+s.placeholder+]
[www.elines.vn/Popover requires tooltip.js]
[www.elines.vn/index-2.html]
[www.elines.vn/Images/ThemeForest/logo.png]
[www.elines.vn/minify/min/index58ee.js]
[connect.facebook.net/en_US/fbds.js]
[connect.facebook.net/en_US/fbevents.js]
[www.elines.vn/Styles/fonts/glyphicons-halflings-regular.svg]
[www.elines.vn/Styles/fonts/fontawesome-webfontba72.svg]
[www.elines.vn/Styles/fonts/soap-iconsc526.svg]
[www.elines.vn/Styles/fonts/NexaBlack.html]
[www.elines.vn/Styles/fonts/NexaBlack.svg]
[www.elines.vn/Scripts/themeForestComponents/flexslider/fonts/flexslider-icon.svg]
[www.elines.vn/Noi-dung/Cau-hoi-thuong-gap.html]
[www.elines.vn/Noi-dung/Phuong-Thuc-Thanh-Toan-2.html]
[www.elines.vn/Tien-ich/Xem-lai-booking.html]
[www.elines.vn/cdn-cgi/l/email-protection.html]
[www.elines.vn/tin-tuc/Ve-may-bay-Quoc-te-7.html]
[www.elines.vn/tin-tuc/Ve-may-bay-Noi-dia-8.html]
[www.elines.vn/tin-tuc/Tin-nhanh-2.html]
[www.elines.vn/Upload/images/bai-tam-doi-3.jpg]
[www.elines.vn/Upload/images/bai-tam-doi-2.jpg]
[www.elines.vn/Upload/images/bai-tam-doi-5.jpg]
[www.elines.vn/Upload/images/bai-tam-doi-4.jpg]
[www.elines.vn/tin-tuc/Tin-nhanh/Diem-den-cuc-hot-cua-mua-he-nay---Hon-Noi---bai-tam-doi-duy-nhat-o-Viet-Nam-64.html]
[www.elines.vn/Upload/images/du-lich-da-nang-5.jpg]
[www.elines.vn/Upload/images/du-lich-da-nang-3.jpg]
[www.elines.vn/Upload/images/du-lich-da-nang-4.jpg]
[www.elines.vn/Upload/images/du-lich-da-nang-2.jpg]
[www.elines.vn/Upload/images/du-lich-da-nang-6.jpg]
[www.elines.vn/Upload/images/du-lich-da-nang-9.jpg]
[www.elines.vn/Upload/images/du-lich-da-nang-8.jpg]
[www.elines.vn/Upload/images/du-lich-da-nang-7.jpg]
[www.elines.vn/tin-tuc/Tin-nhanh/KINH-NGHIEM-DU-LICH-DA-NANG-GIA-RE-63.html]
[www.elines.vn/Styles/themeForest/bootstrap.min.css]
[www.elines.vn/Styles/themeForest/font-awesome.min.css]
[www.elines.vn/Styles/themeForest/style.css]
[www.elines.vn/Styles/themeForest/animate.min.css]
[www.elines.vn/Styles/themeForest/responsive.css]
[www.elines.vn/Styles/themeForest/elines/custom.css]
[www.elines.vn/Images/ThemeForest/elines/sorry.png]
[www.elines.vn/ErrorPages/Oopsbc44.html]
[www.elines.vn/Upload/images/VJ-chinh-sach-den-muon-1.jpg]
[www.elines.vn/Upload/images/VJ-chinh-sach-den-muon-2.jpg]
[www.elines.vn/tin-tuc/Tin-nhanh/Chinh-sach-doi-voi-hanh-khach-den-muon-cua-VietJet-Air-60.html]
[www.elines.vn/tin-tuc/Tin-nhanh-22679.html]
[www.elines.vn/tin-tuc/Tin-nhanh/Doc-xong-bai-nay,-ai-cung-co-the-san-duoc-ve-gia-re-59.html]
[www.elines.vn/tin-tuc/Tin-nhanh/Xinh-dep-rang-ro-ngay-ca-khi-vua-xuong-may-bay-58.html]
[www.elines.vn/tin-tuc/Tin-nhanh/Khong--the--bo-qua-nhung--dieu-nay-khi-di-may-bay-57.html]
[www.elines.vn/tin-tuc/Tin-nhanh/7-loai-trang-phuc-cho-mot-chuyen-bay-hoan-hao-56.html]
[www.elines.vn/tin-tuc/Tin-nhanh/Thu-tuc-tai-san-bay-55.html]
[www.elines.vn/tin-tuc/Tin-nhanh/Trai-nghiem-du-lich,-kham-pha-mien-Tay-54.html]
[www.elines.vn/tin-tuc/Tin-nhanh/Vietjet-thay-doi-quay-thu-tuc-cho-cac-chuyen-bay-Ha-Noi-di-Thanh-Pho-Ho-Chi-minh-tu-ngay-28-04-2016-53.html]
[www.elines.vn/tin-tuc/Tin-nhanh/PHU-NU-MANG-THAI-CO-NEN-DI-MAY-BAY-HAY-KHONG-52.html]
[www.elines.vn/tin-tuc/Tin-nhanh/Lam-gi-khi-bi-that-lac-hanh-ly-o-san-bay-51.html]
[www.elines.vn/tin-tuc/Tin-nhanh-24658.html]
[www.elines.vn/tin-tuc/Tin-nhanh/Kinh-nghiem-san-ve-gia-re-khong-phai-ai-cung-co!-50.html]
[www.elines.vn/tin-tuc/Tin-nhanh/Van-de-ban-can-biet-ve-gia-ve-may-bay-49.html]
[www.elines.vn/tin-tuc/Tin-nhanh/So-do-tuyen-diem-du-lich-Viet-Nam-46.html]
[www.elines.vn/tin-tuc/Tin-nhanh/Jetstar-khuyen-mai-toan-mang-bay-tu-10-04-den-12-04-45.html]
[www.elines.vn/tin-tuc/Tin-nhanh/CAM-ON-JETSTAR!-CUOI-TUAN-SIEU-KHUYEN-MAI-44.html]
[www.elines.vn/tin-tuc/Tin-nhanh/Tuyen-nhan-vien-sale-lam-viec-tai-Ho-Chi-Minh-43.html]
[www.elines.vn/tin-tuc/Tin-nhanh/Tuyen-Nhan-vien-Ticketing-41.html]
[www.elines.vn/tin-tuc/Tin-nhanh/Khuyen-mai-vietnam-airline---chuong-trinh-khoanh-khac-vang-so-02-39.html]
[www.elines.vn/tin-tuc/Tin-nhanh/Cuoi-tuan-sieu-khuyen-mai-cung-voi-JetStar-38.html]
[www.elines.vn/tin-tuc/Tin-nhanh/Vietjet-tung-bung-don-Tet-–-Thoa-suc-du-xuan-voi-ve-chi-tu-0-dong-37.html]
[www.elines.vn/tin-tuc/Tin-nhanh-29ba9.html]
[www.elines.vn/tin-tuc/Tin-nhanh/Thong-bao-moi-nhat-tu-san-bay-quoc-te-Noi-Bai-36.html]
[www.elines.vn/tin-tuc/Tin-nhanh-2fdb0.html]
[www.elines.vn/tin-tuc/Tin-nhanh/Khuyen-mai-lon-tu-jetstar---chao-mung-5-duong-bay-moi-35.html]
[www.elines.vn/tin-tuc/Tuyen-Dung/Nhan-vien-Sale-ve-may-bay-34.html]
[www.elines.vn/tin-tuc/Tuyen-Dung/Tuyen-nhan-vien-ticketing-tai-thanh-pho-Ho-Chi-Minh--76.html]
[www.elines.vn/tin-tuc/Tuyen-Dung/Nhan-Vien-Seo,-Marketing-Online-33.html]
[cms.elines.vn/ckeditor/plugins/smiley/images/heart.gif]
[www.elines.vn/tin-tuc/Tuyen-Dung/CO-HOI-DE-TRO-THANH-THANH-VIEN-CHINH-THUC-CUA-DAI-GIA-DINH-HOANG-KY-VIET-NAM-TOI-ROI-CAC-BAN-OI!-73.html]
[www.elines.vn/tin-tuc/Tuyen-Dung/TIN-TUYEN-DUNG-72.html]
[www.elines.vn/tin-tuc/Tuyen-Dung/Tuyen-nhan-vien-phong-ve-may-bay---Ticketing-tai-Ha-Noi-66.html]
[www.elines.vn/Upload/images/tuyen_dung.jpg]
[www.elines.vn/tin-tuc/Tuyen-Dung/Tuyen-nhan-vien-ticketing-tai-thanh-pho-Ho-Chi-Minh--62.html]
[www.elines.vn/Upload/images/tuyen-dung01.jpg]
[www.elines.vn/tin-tuc/Tuyen-Dung/Tuyen-dung-nhan-vien-Sale-tai-Tp-Ho-Chi-Minh---Ha-Noi-42.html]
[www.elines.vn/tin-tuc/Tuyen-Dung/Tuyen-nhan-vien-ticketing-tai-thanh-pho-Ho-Chi-Minh--40.html]
[www.elines.vn/tin-tuc/Tuyen-Dung/Nhan-vien-phong-ve-may-bay---Ticketing-tai-Ha-Noi-32.html]
[www.elines.vn/Styles/khachang.html]
[www.elines.vn/Noi-dung/Khach-hang-noi-ve-chung-toi2679.html]
[www.elines.vn/Noi-dung/Khach-hang-noi-ve-chung-toi4658.html]
[www.elines.vn/Noi-dung/Khach-hang-noi-ve-chung-toi9ba9.html]
[www.elines.vn/Noi-dung/Khach-hang-noi-ve-chung-toifdb0.html]
[www.elines.vn/Noi-dung/Khach-hang-noi-ve-chung-toiaf4d.html]
[www.elines.vn/VeGiaRe/POST]
[www.elines.vn/WebResource7f52.js]
[www.elines.vn/ErrorPages/Oops648d.html]
[www.elines.vn/ErrorPages/Oops0e08.html]
[www.elines.vn/tin-tuc/Ve-may-bay-theo-hang-7.html]
[www.elines.vn/www.elines.html]
[www.elines.vn/ErrorPages/Oops8837.html]
[www.elines.vn/Scripts/jquery-ui-1.8.7.datapicker.min.js]
[www.elines.vn/Scripts/jquery.ui.datepicker-vi.js]
[www.elines.vn/ErrorPages/Oops184e.html]
[www.elines.vn/ve-may-bay-di-canada.html]
[www.elines.vn/ErrorPages/Oopsd487.html]
[dulichvietnamtourism.com/wp-content/uploads/2012/10/trung-quoc.html]
[www.elines.vn/ErrorPages/Oops8030.html]
[www.elines.vn/ErrorPages/Oops256c.html]
[www.elines.vn/ErrorPages/Oops14b2.html]
[www.elines.vn/ErrorPages/Oops67af.html]
[www.elines.vn/ErrorPages/Oopsf919.html]
[www.elines.vn/tin-tuc/Ve-may-bay-theo-loai--8.html]
[www.elines.vn/ErrorPages/Oopsc0f3.html]
[www.elines.vn/ErrorPages/Oopsa7fe.html]
[www.elines.vn/tin-tuc/Tuyen-Dung-9.html]
[www.elines.vn/ErrorPages/Oopsce1c.html]
[www.elines.vn/ErrorPages/Oopse371.html]
[www.elines.vn/ErrorPages/Oops6591.html]
[www.elines.vn/ErrorPages/Oops4eaa.html]
[www.elines.vn/ErrorPages/Oops31b6.html]
[www.elines.vn/+s.html]
[www.elines.vn/Popover requires tooltip.html]
[www.elines.vn/index-2.html]
[www.elines.vn/Styles/themeForest/bootstrap.min.css]
[www.elines.vn/Styles/themeForest/font-awesome.min.css]
[www.elines.vn/Styles/themeForest/style.css]
[www.elines.vn/Styles/themeForest/animate.min.css]
[www.elines.vn/Styles/themeForest/responsive.css]
[www.elines.vn/Styles/themeForest/elines/custom.css]
[www.elines.vn/ErrorPages/Oops2aed.html]
[www.elines.vn/Upload/images/san-ve-gia-re-0.jpg]
[www.elines.vn/Upload/images/san-ve-gia-re-1.jpg]
[www.elines.vn/Upload/images/san-ve-gia-re-2.jpg]
[www.elines.vn/Upload/images/san-ve-gia-re-3.jpg]
[www.elines.vn/Upload/images/san-ve-gia-re-4.jpg]
[www.elines.vn/Upload/images/san-ve-gia-re-5.jpg]
[www.elines.vn/tin-tuc/Tin-nhanh/Doc-xong-bai-nay,-ai-cung-co-the-san-duoc-ve-gia-re-59.html]
[www.elines.vn/Upload/images/xinh-dep-sau-khixuong-may-bay-1.jpg]
[www.elines.vn/Upload/images/xinh-dep-sau-khixuong-may-bay-2.jpg]
[www.elines.vn/Upload/images/xinh-dep-sau-khixuong-may-bay-3.jpg]
[www.elines.vn/Upload/images/xinh-dep-sau-khixuong-may-bay-4.jpg]
[www.elines.vn/Upload/images/xinh-dep-sau-khixuong-may-bay-5.jpg]
[www.elines.vn/Upload/images/xinh-dep-sau-khixuong-may-bay-6.jpg]
[www.elines.vn/Upload/images/xinh-dep-sau-khixuong-may-bay-7.jpg]
[www.elines.vn/tin-tuc/Tin-nhanh/Xinh-dep-rang-ro-ngay-ca-khi-vua-xuong-may-bay-58.html]
[www.elines.vn/Upload/images/luu-y-khi-dimay-bay-anh-1.jpg]
[www.elines.vn/Upload/images/luu-y-khi-dimay-bay-anh-2.jpg]
[www.elines.vn/Upload/images/luu-y-khi-dimay-bay-anh-3.jpg]
[www.elines.vn/Upload/images/luu-y-khi-dimay-bay-anh-4.jpg]
[www.elines.vn/tin-tuc/Tin-nhanh/Khong--the--bo-qua-nhung--dieu-nay-khi-di-may-bay-57.html]
[www.elines.vn/Upload/images/anh-trang-phuc-cho-chuyen-bay-hoan-hao-0.jpg]
[www.elines.vn/Upload/images/anh-trang-phuc-cho-chuyen-bay-hoan-hao-1.jpg]
[www.elines.vn/Upload/images/anh-trang-phuc-cho-chuyen-bay-hoan-hao-2.jpg]
[www.elines.vn/Upload/images/anh-trang-phuc-cho-chuyen-bay-hoan-hao-3.jpg]
[www.elines.vn/Upload/images/anh-trang-phuc-cho-chuyen-bay-hoan-hao-4.jpg]
[www.elines.vn/Upload/images/anh-trang-phuc-cho-chuyen-bay-hoan-hao-5.jpg]
[www.elines.vn/tin-tuc/Tin-nhanh/7-loai-trang-phuc-cho-mot-chuyen-bay-hoan-hao-56.html]
[www.elines.vn/Upload/images/Thu-tuc-tai-san-bay0.jpg]
[www.elines.vn/Upload/images/Thu-tuc-tai-san-bay1.png]
[www.elines.vn/Upload/images/Thu-tuc-tai-san-bay2.jpg]
[www.elines.vn/Upload/images/Thu-tuc-tai-san-bay4.jpg]
[www.elines.vn/tin-tuc/Tin-nhanh/Thu-tuc-tai-san-bay-55.html]
[www.elines.vn/Upload/images/du-lich-mien-tay1.jpg]
[www.elines.vn/Upload/images/du-lich-mien-tay2.jpg]
[www.elines.vn/Upload/images/du-lich-mien-tay3.jpg]
[www.elines.vn/Upload/images/du-lich-mien-tay4.jpg]
[www.elines.vn/Upload/images/du-lich-mien-tay6.jpg]
[www.elines.vn/Upload/images/du-lich-mien-tay7.jpg]
[www.elines.vn/tin-tuc/Tin-nhanh/Trai-nghiem-du-lich,-kham-pha-mien-Tay-54.html]
[www.elines.vn/Upload/images/vjcheckin.jpg]
[www.elines.vn/tin-tuc/Tin-nhanh/Vietjet-thay-doi-quay-thu-tuc-cho-cac-chuyen-bay-Ha-Noi-di-Thanh-Pho-Ho-Chi-minh-tu-ngay-28-04-2016-53.html]
[www.elines.vn/Upload/images/anh 1.jpg]
[www.elines.vn/Upload/images/anh 2.jpg]
[www.elines.vn/Upload/images/Anh 3.png]
[www.elines.vn/tin-tuc/Tin-nhanh/PHU-NU-MANG-THAI-CO-NEN-DI-MAY-BAY-HAY-KHONG-52.html]
[www.elines.vn/Upload/images/images.jpg]
[www.elines.vn/Upload/images/vietnam-airlines-tips-for-luggage-arrangement-on-plane.jpg]
[www.elines.vn/Upload/images/luu-y-di-may-bay-tet-1749.jpg]
[www.elines.vn/tin-tuc/Tin-nhanh/Lam-gi-khi-bi-that-lac-hanh-ly-o-san-bay-51.html]
[www.elines.vn/tin-tuc/Tin-nhanh/Kinh-nghiem-san-ve-gia-re-khong-phai-ai-cung-co!-50.html]
[www.elines.vn/Upload/images/Ve-may-bay-gia-re.png]
[www.elines.vn/Upload/images/elines-alway-best-price.png]
[www.elines.vn/tin-tuc/Tin-nhanh/Van-de-ban-can-biet-ve-gia-ve-may-bay-49.html]
[www.elines.vn/Upload/images/so_do.jpg]
[www.elines.vn/Upload/images/so_do_2.jpg]
[www.elines.vn/tin-tuc/Tin-nhanh/So-do-tuyen-diem-du-lich-Viet-Nam-46.html]
[www.elines.vn/tin-tuc/Tin-nhanh/Jetstar-khuyen-mai-toan-mang-bay-tu-10-04-den-12-04-45.html]
[www.elines.vn/Upload/images/km_bl.jpg]
[www.elines.vn/tin-tuc/Tin-nhanh/CAM-ON-JETSTAR!-CUOI-TUAN-SIEU-KHUYEN-MAI-44.html]
[www.elines.vn/tin-tuc/Tin-nhanh/Tuyen-nhan-vien-sale-lam-viec-tai-Ho-Chi-Minh-43.html]
[www.elines.vn/tin-tuc/Tin-nhanh/Tuyen-Nhan-vien-Ticketing-41.html]
[www.elines.vn/Upload/images/vietnam-airlines-khoanh-khac-vang.png]
[www.elines.vn/tin-tuc/Tin-nhanh/Khuyen-mai-vietnam-airline---chuong-trinh-khoanh-khac-vang-so-02-39.html]
[www.elines.vn/Upload/images/sp_wff_300115_vn.jpg]
[www.jetstar.com/_global/main/images/elements/sprite_bullets.png]
[www.elines.vn/tin-tuc/Tin-nhanh/Cuoi-tuan-sieu-khuyen-mai-cung-voi-JetStar-38.html]
[www.elines.vn/Upload/images/banner-VietJet-tet.jpg]
[www.elines.vn/tin-tuc/Tin-nhanh/Vietjet-tung-bung-don-Tet-–-Thoa-suc-du-xuan-voi-ve-chi-tu-0-dong-37.html]
[www.elines.vn/Upload/images/08-1419495174_660x0.jpg]
[www.elines.vn/tin-tuc/Tin-nhanh/Thong-bao-moi-nhat-tu-san-bay-quoc-te-Noi-Bai-36.html]
[www.elines.vn/Upload/images/km_vj.jpg]
[www.elines.vn/tin-tuc/Tin-nhanh/Khuyen-mai-lon-tu-jetstar---chao-mung-5-duong-bay-moi-35.html]
[www.elines.vn/tin-tuc/Tuyen-Dung/Nhan-vien-Sale-ve-may-bay-34.html]
[www.elines.vn/tin-tuc/Tuyen-Dung/Nhan-Vien-Seo,-Marketing-Online-33.html]
[www.elines.vn/Noi-dung/Khach-hang-noi-ve-chung-toiaf4d.html]
[www.elines.vn/VeGiaRe/POST.html]
[www.elines.vn/ErrorPages/Oops184e.html]
[www.elines.vn/ErrorPages/Oops2aed.html]
[file/C_/Users/ELINES_1/AppData/Local/Temp/msohtmlclip1/01/clip_image001.jpg]
